[2025-04-29T19:24:58.318Z] [SUCCESS] http server running on port 3000
[2025-04-29T19:24:58.320Z] [SUCCESS] WebSocket server attached to HTTP server
[2025-04-29T19:24:58.429Z] [SUCCESS] servers started successfully
[2025-04-29T19:25:03.175Z] [INFO] New client connected from ::1
[2025-04-29T19:25:03.176Z] [SUCCESS] Client "ideapad5pro-Andrey" connected from ::1
[2025-04-29T19:25:34.115Z] [WARN] Client "ideapad5pro-Andrey" disconnected (::1)
[2025-04-29T19:25:35.029Z] [INFO] New client connected from ::1
[2025-04-29T19:25:35.032Z] [SUCCESS] Client "ideapad5pro-Andrey" connected from ::1
[2025-04-29T19:27:20.309Z] [SUCCESS] http server running on port 3000
[2025-04-29T19:27:20.311Z] [SUCCESS] WebSocket server attached to HTTP server
[2025-04-29T19:27:20.430Z] [SUCCESS] servers started successfully
[2025-04-29T19:27:25.180Z] [INFO] New client connected from ::1
[2025-04-29T19:27:25.182Z] [SUCCESS] Client "ideapad5pro-Andrey" connected from ::1
[2025-04-29T19:27:39.531Z] [SUCCESS] http server running on port 3000
[2025-04-29T19:27:39.533Z] [SUCCESS] WebSocket server attached to HTTP server
[2025-04-29T19:27:39.634Z] [SUCCESS] servers started successfully
[2025-04-29T19:27:44.395Z] [INFO] New client connected from ::1
[2025-04-29T19:27:44.397Z] [SUCCESS] Client "ideapad5pro-Andrey" connected from ::1
[2025-04-29T19:28:01.883Z] [SUCCESS] http server running on port 3000
[2025-04-29T19:28:01.885Z] [SUCCESS] WebSocket server attached to HTTP server
[2025-04-29T19:28:01.990Z] [SUCCESS] servers started successfully
[2025-04-29T19:28:06.745Z] [INFO] New client connected from ::1
[2025-04-29T19:28:06.746Z] [SUCCESS] Client "ideapad5pro-Andrey" connected from ::1
[2025-04-29T19:29:43.895Z] [SUCCESS] http server running on port 3000
[2025-04-29T19:29:43.897Z] [SUCCESS] WebSocket server attached to HTTP server
[2025-04-29T19:29:44.001Z] [SUCCESS] servers started successfully
[2025-04-29T19:29:45.120Z] [SUCCESS] http server running on port 3000
[2025-04-29T19:29:45.122Z] [SUCCESS] WebSocket server attached to HTTP server
[2025-04-29T19:29:45.237Z] [SUCCESS] servers started successfully
[2025-04-29T19:29:48.749Z] [INFO] New client connected from ::1
[2025-04-29T19:29:48.750Z] [SUCCESS] Client "ideapad5pro-Andrey" connected from ::1
[2025-04-29T19:29:58.681Z] [SUCCESS] http server running on port 3000
[2025-04-29T19:29:58.683Z] [SUCCESS] WebSocket server attached to HTTP server
[2025-04-29T19:29:58.788Z] [SUCCESS] servers started successfully
[2025-04-29T19:30:02.414Z] [INFO] New client connected from ::1
[2025-04-29T19:30:02.416Z] [SUCCESS] Client "ideapad5pro-Andrey" connected from ::1
[2025-04-29T19:30:50.551Z] [SUCCESS] http server running on port 3000
[2025-04-29T19:30:50.553Z] [SUCCESS] WebSocket server attached to HTTP server
[2025-04-29T19:30:50.653Z] [SUCCESS] servers started successfully
[2025-04-29T19:30:55.406Z] [INFO] New client connected from ::1
[2025-04-29T19:30:55.409Z] [SUCCESS] Client "ideapad5pro-Andrey" connected from ::1
[2025-04-29T19:31:16.065Z] [SUCCESS] http server running on port 3000
[2025-04-29T19:31:16.067Z] [SUCCESS] WebSocket server attached to HTTP server
[2025-04-29T19:31:16.175Z] [SUCCESS] servers started successfully
[2025-04-29T19:31:20.926Z] [INFO] New client connected from ::1
[2025-04-29T19:31:20.929Z] [SUCCESS] Client "ideapad5pro-Andrey" connected from ::1
[2025-04-29T19:32:54.502Z] [SUCCESS] http server running on port 3000
[2025-04-29T19:32:54.504Z] [SUCCESS] WebSocket server attached to HTTP server
[2025-04-29T19:32:54.609Z] [SUCCESS] servers started successfully
[2025-04-29T19:32:59.351Z] [INFO] New client connected from ::1 (ID: 3347)
[2025-04-29T19:32:59.353Z] [SUCCESS] Client "ideapad5pro-Andrey" (3347) connected from ::1
[2025-04-29T19:33:02.495Z] [SUCCESS] http server running on port 3000
[2025-04-29T19:33:02.497Z] [SUCCESS] WebSocket server attached to HTTP server
[2025-04-29T19:33:02.597Z] [SUCCESS] servers started successfully
[2025-04-29T19:33:02.986Z] [SUCCESS] http server running on port 3000
[2025-04-29T19:33:02.988Z] [SUCCESS] WebSocket server attached to HTTP server
[2025-04-29T19:33:03.091Z] [SUCCESS] servers started successfully
[2025-04-29T19:33:07.361Z] [INFO] New client connected from ::1 (ID: 6EE3)
[2025-04-29T19:33:07.363Z] [SUCCESS] Client "ideapad5pro-Andrey" (6EE3) connected from ::1
[2025-04-29T19:33:28.681Z] [SUCCESS] http server running on port 3000
[2025-04-29T19:33:28.683Z] [SUCCESS] WebSocket server attached to HTTP server
[2025-04-29T19:33:28.794Z] [SUCCESS] servers started successfully
[2025-04-29T19:33:33.468Z] [INFO] New client connected from ::1 (ID: 533B)
[2025-04-29T19:33:33.469Z] [SUCCESS] Client "ideapad5pro-Andrey" (533B) connected from ::1
[2025-04-29T19:34:41.062Z] [SUCCESS] http server running on port 3000
[2025-04-29T19:34:41.064Z] [SUCCESS] WebSocket server attached to HTTP server
[2025-04-29T19:34:41.185Z] [SUCCESS] servers started successfully
[2025-04-29T19:34:45.921Z] [INFO] New client connected from ::1 (ID: 86E6)
[2025-04-29T19:34:45.924Z] [SUCCESS] Client "ideapad5pro-Andrey" (86E6) connected from ::1
[2025-04-29T19:35:18.941Z] [SUCCESS] http server running on port 3000
[2025-04-29T19:35:18.943Z] [SUCCESS] WebSocket server attached to HTTP server
[2025-04-29T19:35:19.046Z] [SUCCESS] servers started successfully
[2025-04-29T19:35:21.244Z] [SUCCESS] http server running on port 3000
[2025-04-29T19:35:21.246Z] [SUCCESS] WebSocket server attached to HTTP server
[2025-04-29T19:35:21.355Z] [SUCCESS] servers started successfully
[2025-04-29T19:35:23.149Z] [INFO] New client connected from ::1 (ID: 63BA)
[2025-04-29T19:35:23.150Z] [SUCCESS] Client "ideapad5pro-Andrey" (63BA) connected from ::1
[2025-04-29T19:36:18.056Z] [SUCCESS] http server running on port 3000
[2025-04-29T19:36:18.058Z] [SUCCESS] WebSocket server attached to HTTP server
[2025-04-29T19:36:18.160Z] [SUCCESS] servers started successfully
[2025-04-29T19:36:22.920Z] [INFO] New client connected from ::1 (ID: 8972)
[2025-04-29T19:36:22.922Z] [SUCCESS] Client "ideapad5pro-Andrey" (8972) connected from ::1
[2025-04-29T19:46:12.649Z] [SUCCESS] http server running on port 3000
[2025-04-29T19:46:12.651Z] [SUCCESS] WebSocket server attached to HTTP server
[2025-04-29T19:46:12.760Z] [SUCCESS] servers started successfully
[2025-04-29T19:46:17.511Z] [INFO] New client connected from ::1 (ID: 7593)
[2025-04-29T19:46:17.513Z] [SUCCESS] Client "ideapad5pro-Andrey" (7593) connected from ::1
[2025-04-29T19:46:19.085Z] [SUCCESS] http server running on port 3000
[2025-04-29T19:46:19.087Z] [SUCCESS] WebSocket server attached to HTTP server
[2025-04-29T19:46:19.197Z] [SUCCESS] servers started successfully
[2025-04-29T19:46:23.944Z] [INFO] New client connected from ::1 (ID: CAFD)
[2025-04-29T19:46:23.946Z] [SUCCESS] Client "ideapad5pro-Andrey" (CAFD) connected from ::1
[2025-04-29T19:46:34.301Z] [SUCCESS] http server running on port 3000
[2025-04-29T19:46:34.303Z] [SUCCESS] Secure WebSocket server initialized and attached to HTTP server
[2025-04-29T19:46:34.406Z] [SUCCESS] servers started successfully
[2025-04-29T19:46:39.166Z] [INFO] New client session established from ::1 (Session ID: 5B5D)
[2025-04-29T19:46:39.167Z] [SUCCESS] Client "ideapad5pro-Andrey" (5B5D) authenticated from ::1
[2025-04-29T19:46:58.694Z] [SUCCESS] http server running on port 3000
[2025-04-29T19:46:58.696Z] [SUCCESS] Secure WebSocket server initialized and attached to HTTP server
[2025-04-29T19:46:58.806Z] [SUCCESS] servers started successfully
[2025-04-29T19:47:03.544Z] [INFO] New client session established from ::1 (Session ID: 5E06)
[2025-04-29T19:47:03.545Z] [SUCCESS] Client "ideapad5pro-Andrey" (5E06) authenticated from ::1
[2025-04-29T19:48:21.594Z] [SUCCESS] http server running on port 3000
[2025-04-29T19:48:21.596Z] [SUCCESS] Secure WebSocket server initialized and attached to HTTP server
[2025-04-29T19:48:21.700Z] [SUCCESS] servers started successfully
[2025-04-29T19:48:25.131Z] [INFO] New client session established from ::1 (Session ID: 3038)
[2025-04-29T19:48:25.133Z] [SUCCESS] Client "ideapad5pro-Andrey" (3038) authenticated from ::1
[2025-04-29T19:48:28.901Z] [WARN] Client session "ideapad5pro-Andrey" (3038) terminated from ::1
[2025-04-29T19:49:15.187Z] [SUCCESS] http server running on port 3000
[2025-04-29T19:49:15.189Z] [SUCCESS] Secure WebSocket server initialized and attached to HTTP server
[2025-04-29T19:49:15.291Z] [SUCCESS] servers started successfully
[2025-04-29T19:49:34.079Z] [INFO] New client session established from ::1 (Session ID: F86B)
[2025-04-29T19:49:34.087Z] [SUCCESS] Client "ideapad5pro-Andrey" (F86B) authenticated from ::1 (Windows_NT, x64, win32)
[2025-04-29T19:50:04.748Z] [SUCCESS] http server running on port 3000
[2025-04-29T19:50:04.750Z] [SUCCESS] Secure WebSocket server initialized and attached to HTTP server
[2025-04-29T19:50:04.851Z] [SUCCESS] servers started successfully
[2025-04-29T19:50:08.808Z] [SUCCESS] http server running on port 3000
[2025-04-29T19:50:08.810Z] [SUCCESS] Secure WebSocket server initialized and attached to HTTP server
[2025-04-29T19:50:08.911Z] [SUCCESS] servers started successfully
[2025-04-29T19:50:10.734Z] [SUCCESS] http server running on port 3000
[2025-04-29T19:50:10.736Z] [SUCCESS] Secure WebSocket server initialized and attached to HTTP server
[2025-04-29T19:50:10.840Z] [SUCCESS] servers started successfully
